<html>
<body>
<pre>
<h1>µVision Build Log</h1>
<h2>Tool Versions:</h2>
IDE-Version: µVision V5.36.0.0
Copyright (C) 2021 ARM Ltd and ARM Germany GmbH. All rights reserved.
License Information: alekos interrante polito Flex license: MDK Professional 5.36 (Flex) (mdk_pro) Operation stops: 10 Mar 2024
 
Tool Versions:
Toolchain:       MDK Professional 5.36 (Flex)  Version: 5.36.0.0
Toolchain Path:  C:\Keil_v5\ARM\ARMCC\Bin
C Compiler:      Armcc.exe V5.06 update 7 (build 960)
Assembler:       Armasm.exe V5.06 update 7 (build 960)
Linker/Locator:  ArmLink.exe V5.06 update 7 (build 960)
Library Manager: ArmAr.exe V5.06 update 7 (build 960)
Hex Converter:   FromElf.exe V5.06 update 7 (build 960)
CPU DLL:         SARMCM3.DLL V5.36.0.0
Dialog DLL:      DARMP1.DLL V1.27.0.0
Target DLL:      UL2CM3.DLL V1.164.0.0
Dialog DLL:      TARMP1.DLL V1.26.0.0
 
<h2>Project:</h2>
C:\Users\alein\Desktop\architetture\extrafinal\12_sample_GLCD_TP\sample.uvprojx
Project File Date:  12/29/2023

<h2>Output:</h2>
*** Using Compiler 'V5.06 update 7 (build 960)', folder: 'C:\Keil_v5\ARM\ARMCC\Bin'
Rebuild target 'Target 1'
compiling AsciiLib.c...
compiling lib_timer.c...
assembling startup_LPC17xx.s...
compiling funct_joystick.c...
compiling sample.c...
compiling core_cm3.c...
compiling IRQ_timer.c...
timer\IRQ_timer.c(41): warning:  #223-D: function "sprintf" declared implicitly
  					sprintf(time_in_char,"%4d",time_turn);
timer\IRQ_timer.c(66): warning:  #223-D: function "sprintf" declared implicitly
  						sprintf(time_in_char,"%4d",time_turn);
timer\IRQ_timer.c: 2 warnings, 0 errors
compiling lib_joystick.c...
compiling TouchPanel.c...
compiling HzLib.c...
compiling system_LPC17xx.c...
compiling IRQ_button.c...
compiling lib_button.c...
compiling IRQ_RIT.c...
compiling funct_led.c...
compiling lib_RIT.c...
compiling lib_led.c...
compiling myfunct.c...
myfunct\myfunct.c(325): warning:  #223-D: function "sprintf" declared implicitly
  						sprintf(wall_in_char,"%4d",walls[player]);
myfunct\myfunct.c(469): warning:  #223-D: function "sprintf" declared implicitly
  				sprintf(win,"player %d win",player+1);
myfunct\myfunct.c(476): warning:  #223-D: function "sprintf" declared implicitly
  				sprintf(win,"player %d win",player+1);
myfunct\myfunct.c(28): warning:  #550-D: variable "moves"  was set but never used
  static struct Move moves[100];
myfunct\myfunct.c: 4 warnings, 0 errors
compiling GLCD.c...
linking...
Program Size: Code=30782 RO-data=1774 RW-data=96 ZI-data=5976  
".\sample.axf" - 0 Error(s), 6 Warning(s).

<h2>Software Packages used:</h2>

Package Vendor: ARM
                http://www.keil.com/pack/ARM.CMSIS.5.8.0.pack
                ARM.CMSIS.5.8.0
                CMSIS (Common Microcontroller Software Interface Standard)
   * Component: CORE Version: 5.5.0

Package Vendor: Keil
                http://www.keil.com/pack/Keil.LPC1700_DFP.2.7.1.pack
                Keil.LPC1700_DFP.2.7.1
                NXP LPC1700 Series Device Support, Drivers and Examples for MCB1700 and LPC1788-32

<h2>Collection of Component include folders:</h2>
  .\RTE\_Target_1
  C:\Users\alein\AppData\Local\Arm\Packs\ARM\CMSIS\5.8.0\CMSIS\Core\Include
  C:\Users\alein\AppData\Local\Arm\Packs\Keil\LPC1700_DFP\2.7.1\Device\Include

<h2>Collection of Component Files used:</h2>

   * Component: ARM::CMSIS:CORE:5.5.0
Build Time Elapsed:  00:00:02
</pre>
</body>
</html>
